TEST CASE FAILURE,In ../Testfiles/ParserTests/toJSONTestsPt2/test1.ap:
 expected: "module", got "unittest"

TEST CASE FAILURE,In ../Testfiles/ParserTests/toJSONTestsPt2/test1.ap:
 expected: "one", got "my_unittest"

TEST CASE FAILURE,In ../Testfiles/ParserTests/toJSONTestsPt2/test1.ap:
 expected: "8", got "10"

TEST CASE FAILURE,In ../Testfiles/ParserTests/toJSONTestsPt2/test1.ap:
 expected: "type,name", got "type,name,statements"

